// Jest Snapshot v1, https://goo.gl/fbAQLP

exports[`DownloadWindow.vue matches snapshot 1`] = `
<div class="downloadWindow">
  <div class="left">
    <div class="list">
      <div class="downlist ant-table-wrapper">
        <div class="ant-spin-nested-loading">
          <div class="ant-spin-container">
            <div class="ant-table ant-table-scroll-position-left ant-table-layout-fixed ant-table-small ant-table-empty">
              <div class="ant-table-content">
                <!---->
                <div class="ant-table-body">
                  <table class="">
                    <colgroup>
                      <col class="ant-table-selection-col">
                      <col>
                      <col style="width: 10%; min-width: 10%;">
                    </colgroup>
                    <thead class="ant-table-thead">
                      <tr>
                        <th key="selection-column" class="ant-table-selection-column"><span class="ant-table-header-column"><div><span class="ant-table-column-title"><div class="ant-table-selection"><label class="ant-checkbox-wrapper ant-checkbox-wrapper-disabled"><span class="ant-checkbox ant-checkbox-disabled"><input type="checkbox" disabled="disabled" class="ant-checkbox-input" value=""><span class="ant-checkbox-inner"></span></span></label>
                </div></span><span class="ant-table-column-sorter"></span>
              </div></span></th>
              <th key="name" class="ant-table-align-center ant-table-row-cell-ellipsis" style="text-align: center;"><span class="ant-table-header-column"><div><span class="ant-table-column-title">文件</span><span class="ant-table-column-sorter"></span>
            </div></span></th>
            <th key="action" class="ant-table-align-center ant-table-row-cell-break-word ant-table-row-cell-last" style="text-align: center;"><span class="ant-table-header-column"><div><span class="ant-table-column-title"></span><span class="ant-table-column-sorter"></span>
          </div></span></th>
          </tr>
          </thead>
          <tbody class="ant-table-tbody"></tbody>
          </table>
        </div>
        <div class="ant-table-placeholder">
          <div class="ant-empty ant-empty-normal">
            <div class="ant-empty-image"><svg width="64" height="41" viewBox="0 0 64 41" xmlns="http://www.w3.org/2000/svg">
                <g transform="translate(0 1)" fill="none" fillRule="evenodd">
                  <ellipse fill="#F5F5F5" cx="32" cy="33" rx="32" ry="7"></ellipse>
                  <g fillRule="nonzero" stroke="#D9D9D9">
                    <path d="M55 12.76L44.854 1.258C44.367.474 43.656 0 42.907 0H21.093c-.749 0-1.46.474-1.947 1.257L9 12.761V22h46v-9.24z"></path>
                    <path d="M41.613 15.931c0-1.605.994-2.93 2.227-2.931H55v18.137C55 33.26 53.68 35 52.05 35h-40.1C10.32 35 9 33.259 9 31.137V13h11.16c1.233 0 2.227 1.323 2.227 2.928v.022c0 1.605 1.005 2.901 2.237 2.901h14.752c1.232 0 2.237-1.308 2.237-2.913v-.007z" fill="#FAFAFA"></path>
                  </g>
                </g>
              </svg></div>
            <p class="ant-empty-description">No Data</p>
          </div>
        </div>
      </div>
    </div>
  </div>
</div>
</div>
<!---->
</div>
</div>
<div class="right"><img src="../assets/uploadLogo.jpg" alt="" class="logo">
  <div class="fileInfo info">
    <p>剩余下载时间：</p>
    <p>剩余下载次数：</p>
    <p>上传时间：</p>
  </div>
</div>
</div>
`;
